../Core/Src/app.c:40:7:lookupTemperature	56	static
../Core/Src/app.c:72:6:Systick	4	static
../Core/Src/app.c:77:6:SystickCallbackDelay	4	static
../Core/Src/app.c:82:6:SystickCallbackClock	4	static
../Core/Src/app.c:103:6:AnalogClock	56	static
../Core/Src/app.c:147:6:DigitClock	40	static
../Core/Src/app.c:155:6:DisplayStr	32	static
../Core/Src/app.c:163:6:Displaytemp	32	static
../Core/Src/app.c:170:6:DisplayFillBlack	8	static
../Core/Src/app.c:176:6:app	16	static
../Core/Src/app.c:296:6:userMode	16	static
